Collecting numpy==2.3.5 (from -r requirements.txt (line 2))
  Downloading numpy-2.3.5-cp312-cp312-manylinux_2_27_x86_64.manylinux_2_28_x86_64.whl.metadata (62 kB)
Collecting scipy==1.17.0 (from -r requirements.txt (line 3))
  Downloading scipy-1.17.0-cp312-cp312-manylinux_2_27_x86_64.manylinux_2_28_x86_64.whl.metadata (62 kB)
Collecting mpmath==1.3.0 (from -r requirements.txt (line 4))
  Using cached mpmath-1.3.0-py3-none-any.whl.metadata (8.6 kB)
Collecting sympy==1.14.0 (from -r requirements.txt (line 5))
  Using cached sympy-1.14.0-py3-none-any.whl.metadata (12 kB)
Collecting matplotlib==3.10.8 (from -r requirements.txt (line 6))
  Downloading matplotlib-3.10.8-cp312-cp312-manylinux2014_x86_64.manylinux_2_17_x86_64.whl.metadata (52 kB)
Collecting PyMuPDF==1.26.7 (from -r requirements.txt (line 7))
  Downloading pymupdf-1.26.7-cp310-abi3-manylinux_2_28_x86_64.whl.metadata (3.4 kB)
Collecting Pillow==12.3.0 (from -r requirements.txt (line 8))
  Downloading pillow-12.3.0-cp312-cp312-manylinux_2_27_x86_64.manylinux_2_28_x86_64.whl.metadata (9.1 kB)
Collecting reportlab==4.4.9 (from -r requirements.txt (line 9))
  Downloading reportlab-4.4.9-py3-none-any.whl.metadata (1.7 kB)
Collecting pytest==9.0.2 (from -r requirements.txt (line 10))
  Downloading pytest-9.0.2-py3-none-any.whl.metadata (7.6 kB)
Collecting beautifulsoup4==4.14.3 (from -r website/requirements.txt (line 1))
  Downloading beautifulsoup4-4.14.3-py3-none-any.whl.metadata (3.8 kB)
Collecting playwright==1.57.0 (from -r website/requirements-browser.txt (line 1))
  Downloading playwright-1.57.0-py3-none-manylinux1_x86_64.whl.metadata (3.5 kB)
Collecting contourpy>=1.0.1 (from matplotlib==3.10.8->-r requirements.txt (line 6))
  Downloading contourpy-1.4.0-cp312-cp312-manylinux_2_27_x86_64.manylinux_2_28_x86_64.whl.metadata (3.8 kB)
Collecting cycler>=0.10 (from matplotlib==3.10.8->-r requirements.txt (line 6))
  Downloading cycler-0.12.1-py3-none-any.whl.metadata (3.8 kB)
Collecting fonttools>=4.22.0 (from matplotlib==3.10.8->-r requirements.txt (line 6))
  Downloading fonttools-4.65.0-cp312-cp312-manylinux2014_x86_64.manylinux_2_17_x86_64.whl.metadata (125 kB)
Collecting kiwisolver>=1.3.1 (from matplotlib==3.10.8->-r requirements.txt (line 6))
  Downloading kiwisolver-1.5.1-cp312-cp312-manylinux2014_x86_64.manylinux_2_17_x86_64.whl.metadata (5.2 kB)
Collecting packaging>=20.0 (from matplotlib==3.10.8->-r requirements.txt (line 6))
  Downloading packaging-26.3-py3-none-any.whl.metadata (3.5 kB)
Collecting pyparsing>=3 (from matplotlib==3.10.8->-r requirements.txt (line 6))
  Downloading pyparsing-3.3.2-py3-none-any.whl.metadata (5.8 kB)
Collecting python-dateutil>=2.7 (from matplotlib==3.10.8->-r requirements.txt (line 6))
  Downloading python_dateutil-2.9.0.post0-py2.py3-none-any.whl.metadata (8.4 kB)
Collecting charset-normalizer (from reportlab==4.4.9->-r requirements.txt (line 9))
  Downloading charset_normalizer-3.5.1-cp312-cp312-manylinux2014_x86_64.manylinux_2_17_x86_64.manylinux_2_28_x86_64.whl.metadata (45 kB)
Collecting iniconfig>=1.0.1 (from pytest==9.0.2->-r requirements.txt (line 10))
  Using cached iniconfig-2.3.0-py3-none-any.whl.metadata (2.5 kB)
Collecting pluggy<2,>=1.5 (from pytest==9.0.2->-r requirements.txt (line 10))
  Using cached pluggy-1.6.0-py3-none-any.whl.metadata (4.8 kB)
Collecting pygments>=2.7.2 (from pytest==9.0.2->-r requirements.txt (line 10))
  Using cached pygments-2.21.0-py3-none-any.whl.metadata (2.5 kB)
Collecting soupsieve>=1.6.1 (from beautifulsoup4==4.14.3->-r website/requirements.txt (line 1))
  Downloading soupsieve-2.9.2-py3-none-any.whl.metadata (4.6 kB)
Collecting typing-extensions>=4.0.0 (from beautifulsoup4==4.14.3->-r website/requirements.txt (line 1))
  Downloading typing_extensions-4.16.0-py3-none-any.whl.metadata (3.3 kB)
Collecting pyee<14,>=13 (from playwright==1.57.0->-r website/requirements-browser.txt (line 1))
  Downloading pyee-13.0.1-py3-none-any.whl.metadata (3.0 kB)
Collecting greenlet<4.0.0,>=3.1.1 (from playwright==1.57.0->-r website/requirements-browser.txt (line 1))
  Downloading greenlet-3.5.5-cp312-cp312-manylinux_2_24_x86_64.manylinux_2_28_x86_64.whl.metadata (3.8 kB)
Collecting six>=1.5 (from python-dateutil>=2.7->matplotlib==3.10.8->-r requirements.txt (line 6))
  Downloading six-1.17.0-py2.py3-none-any.whl.metadata (1.7 kB)
Downloading numpy-2.3.5-cp312-cp312-manylinux_2_27_x86_64.manylinux_2_28_x86_64.whl (16.6 MB)
   ━━━━━━━━━━━━━━━━━━━━━━━━━━━━━━━━━━━━━━━━ 16.6/16.6 MB 42.4 MB/s eta 0:00:00
Downloading scipy-1.17.0-cp312-cp312-manylinux_2_27_x86_64.manylinux_2_28_x86_64.whl (35.0 MB)
   ━━━━━━━━━━━━━━━━━━━━━━━━━━━━━━━━━━━━━━━━ 35.0/35.0 MB 39.7 MB/s eta 0:00:00
Using cached mpmath-1.3.0-py3-none-any.whl (536 kB)
Using cached sympy-1.14.0-py3-none-any.whl (6.3 MB)
Downloading matplotlib-3.10.8-cp312-cp312-manylinux2014_x86_64.manylinux_2_17_x86_64.whl (8.7 MB)
   ━━━━━━━━━━━━━━━━━━━━━━━━━━━━━━━━━━━━━━━━ 8.7/8.7 MB 47.2 MB/s eta 0:00:00
Downloading pymupdf-1.26.7-cp310-abi3-manylinux_2_28_x86_64.whl (24.1 MB)
   ━━━━━━━━━━━━━━━━━━━━━━━━━━━━━━━━━━━━━━━━ 24.1/24.1 MB 39.2 MB/s eta 0:00:00
Downloading pillow-12.3.0-cp312-cp312-manylinux_2_27_x86_64.manylinux_2_28_x86_64.whl (6.9 MB)
   ━━━━━━━━━━━━━━━━━━━━━━━━━━━━━━━━━━━━━━━━ 6.9/6.9 MB 39.5 MB/s eta 0:00:00
Downloading reportlab-4.4.9-py3-none-any.whl (2.0 MB)
   ━━━━━━━━━━━━━━━━━━━━━━━━━━━━━━━━━━━━━━━━ 2.0/2.0 MB 25.7 MB/s eta 0:00:00
Downloading pytest-9.0.2-py3-none-any.whl (374 kB)
Downloading beautifulsoup4-4.14.3-py3-none-any.whl (107 kB)
Downloading playwright-1.57.0-py3-none-manylinux1_x86_64.whl (46.0 MB)
   ━━━━━━━━━━━━━━━━━━━━━━━━━━━━━━━━━━━━━━━━ 46.0/46.0 MB 38.9 MB/s eta 0:00:00
Downloading contourpy-1.4.0-cp312-cp312-manylinux_2_27_x86_64.manylinux_2_28_x86_64.whl (383 kB)
Downloading cycler-0.12.1-py3-none-any.whl (8.3 kB)
Downloading fonttools-4.65.0-cp312-cp312-manylinux2014_x86_64.manylinux_2_17_x86_64.whl (5.4 MB)
   ━━━━━━━━━━━━━━━━━━━━━━━━━━━━━━━━━━━━━━━━ 5.4/5.4 MB 34.1 MB/s eta 0:00:00
Downloading greenlet-3.5.5-cp312-cp312-manylinux_2_24_x86_64.manylinux_2_28_x86_64.whl (621 kB)
   ━━━━━━━━━━━━━━━━━━━━━━━━━━━━━━━━━━━━━━━━ 621.4/621.4 kB 7.5 MB/s eta 0:00:00
Using cached iniconfig-2.3.0-py3-none-any.whl (7.5 kB)
Downloading kiwisolver-1.5.1-cp312-cp312-manylinux2014_x86_64.manylinux_2_17_x86_64.whl (1.5 MB)
   ━━━━━━━━━━━━━━━━━━━━━━━━━━━━━━━━━━━━━━━━ 1.5/1.5 MB 18.6 MB/s eta 0:00:00
Downloading packaging-26.3-py3-none-any.whl (129 kB)
Using cached pluggy-1.6.0-py3-none-any.whl (20 kB)
Downloading pyee-13.0.1-py3-none-any.whl (15 kB)
Using cached pygments-2.21.0-py3-none-any.whl (1.3 MB)
Downloading pyparsing-3.3.2-py3-none-any.whl (122 kB)
Downloading python_dateutil-2.9.0.post0-py2.py3-none-any.whl (229 kB)
Downloading soupsieve-2.9.2-py3-none-any.whl (37 kB)
Downloading typing_extensions-4.16.0-py3-none-any.whl (45 kB)
Downloading charset_normalizer-3.5.1-cp312-cp312-manylinux2014_x86_64.manylinux_2_17_x86_64.manylinux_2_28_x86_64.whl (248 kB)
Downloading six-1.17.0-py2.py3-none-any.whl (11 kB)
Installing collected packages: mpmath, typing-extensions, sympy, soupsieve, six, pyparsing, PyMuPDF, pygments, pluggy, Pillow, packaging, numpy, kiwisolver, iniconfig, greenlet, fonttools, cycler, charset-normalizer, scipy, reportlab, python-dateutil, pytest, pyee, contourpy, beautifulsoup4, playwright, matplotlib
Successfully installed Pillow-12.3.0 PyMuPDF-1.26.7 beautifulsoup4-4.14.3 charset-normalizer-3.5.1 contourpy-1.4.0 cycler-0.12.1 fonttools-4.65.0 greenlet-3.5.5 iniconfig-2.3.0 kiwisolver-1.5.1 matplotlib-3.10.8 mpmath-1.3.0 numpy-2.3.5 packaging-26.3 playwright-1.57.0 pluggy-1.6.0 pyee-13.0.1 pygments-2.21.0 pyparsing-3.3.2 pytest-9.0.2 python-dateutil-2.9.0.post0 reportlab-4.4.9 scipy-1.17.0 six-1.17.0 soupsieve-2.9.2 sympy-1.14.0 typing-extensions-4.16.0
