2026-09-12T07:46:54.1379569Z ##[group]Run python verify.py --report build/reader-baseline-integrity.json
2026-09-12T07:46:54.1380638Z python verify.py --report build/reader-baseline-integrity.json
2026-09-12T07:46:54.1496187Z shell: /usr/bin/bash -e {0}
2026-09-12T07:46:54.1496734Z env:
2026-09-12T07:46:54.1497118Z   OPENBLAS_NUM_THREADS: 1
2026-09-12T07:46:54.1497573Z   OMP_NUM_THREADS: 1
2026-09-12T07:46:54.1498005Z   MPLBACKEND: Agg
2026-09-12T07:46:54.1498433Z   PYTHONDONTWRITEBYTECODE: 1
2026-09-12T07:46:54.1499016Z   pythonLocation: /opt/hostedtoolcache/Python/3.13.5/x64
2026-09-12T07:46:54.1499870Z   PKG_CONFIG_PATH: /opt/hostedtoolcache/Python/3.13.5/x64/lib/pkgconfig
2026-09-12T07:46:54.1500916Z   Python_ROOT_DIR: /opt/hostedtoolcache/Python/3.13.5/x64
2026-09-12T07:46:54.1501655Z   Python2_ROOT_DIR: /opt/hostedtoolcache/Python/3.13.5/x64
2026-09-12T07:46:54.1502372Z   Python3_ROOT_DIR: /opt/hostedtoolcache/Python/3.13.5/x64
2026-09-12T07:46:54.1503074Z   LD_LIBRARY_PATH: /opt/hostedtoolcache/Python/3.13.5/x64/lib
2026-09-12T07:46:54.1503725Z ##[endgroup]
2026-09-12T07:46:54.7121888Z {
2026-09-12T07:46:54.7124683Z   "passed": true,
2026-09-12T07:46:54.7143371Z   "source_identities": 44,
2026-09-12T07:46:54.7144066Z   "canonical_units": 23,
2026-09-12T07:46:54.7144959Z   "source_fragments": 125,
2026-09-12T07:46:54.7145589Z   "claims": 7,
2026-09-12T07:46:54.7146112Z   "proof_graph_acyclic": true,
2026-09-12T07:46:54.7146724Z   "approved_artifacts_unchanged": 27,
2026-09-12T07:46:54.7147364Z   "current_document_links": 245,
2026-09-12T07:46:54.7148003Z   "independent_verifier_boundaries": true,
2026-09-12T07:46:54.7148671Z   "nested_archives_required": false,
2026-09-12T07:46:54.7149313Z   "baseline_manifest_files": 165,
2026-09-12T07:46:54.7150135Z   "scope": "Packaging/provenance integrity, not mathematical entropy verification."
2026-09-12T07:46:54.7151326Z }
2026-09-12T07:46:54.7191757Z ##[group]Run python -m pytest -q -p no:cacheprovider tests website/tests
2026-09-12T07:46:54.7192668Z python -m pytest -q -p no:cacheprovider tests website/tests
2026-09-12T07:46:54.7242173Z shell: /usr/bin/bash -e {0}
2026-09-12T07:46:54.7242596Z env:
2026-09-12T07:46:54.7242943Z   OPENBLAS_NUM_THREADS: 1
2026-09-12T07:46:54.7243349Z   OMP_NUM_THREADS: 1
2026-09-12T07:46:54.7243736Z   MPLBACKEND: Agg
2026-09-12T07:46:54.7244124Z   PYTHONDONTWRITEBYTECODE: 1
2026-09-12T07:46:54.7244659Z   pythonLocation: /opt/hostedtoolcache/Python/3.13.5/x64
2026-09-12T07:46:54.7245396Z   PKG_CONFIG_PATH: /opt/hostedtoolcache/Python/3.13.5/x64/lib/pkgconfig
2026-09-12T07:46:54.7246143Z   Python_ROOT_DIR: /opt/hostedtoolcache/Python/3.13.5/x64
2026-09-12T07:46:54.7246812Z   Python2_ROOT_DIR: /opt/hostedtoolcache/Python/3.13.5/x64
2026-09-12T07:46:54.7247478Z   Python3_ROOT_DIR: /opt/hostedtoolcache/Python/3.13.5/x64
2026-09-12T07:46:54.7248188Z   LD_LIBRARY_PATH: /opt/hostedtoolcache/Python/3.13.5/x64/lib
2026-09-12T07:46:54.7248758Z ##[endgroup]
2026-09-12T07:46:58.1771616Z ........................................................................ [ 75%]
2026-09-12T07:47:09.2209055Z ........................                                                 [100%]
2026-09-12T07:47:09.2219781Z 96 passed in 13.36s
2026-09-12T07:47:09.5154225Z ##[group]Run python website/build.py --output build/project-site
2026-09-12T07:47:09.5155142Z python website/build.py --output build/project-site
2026-09-12T07:47:09.5156139Z python website/check.py --site build/project-site --report build/reader-structure.json
2026-09-12T07:47:09.5212322Z shell: /usr/bin/bash -e {0}
2026-09-12T07:47:09.5212769Z env:
2026-09-12T07:47:09.5213119Z   OPENBLAS_NUM_THREADS: 1
2026-09-12T07:47:09.5213399Z   OMP_NUM_THREADS: 1
2026-09-12T07:47:09.5213628Z   MPLBACKEND: Agg
2026-09-12T07:47:09.5213872Z   PYTHONDONTWRITEBYTECODE: 1
2026-09-12T07:47:09.5214220Z   pythonLocation: /opt/hostedtoolcache/Python/3.13.5/x64
2026-09-12T07:47:09.5214680Z   PKG_CONFIG_PATH: /opt/hostedtoolcache/Python/3.13.5/x64/lib/pkgconfig
2026-09-12T07:47:09.5215117Z   Python_ROOT_DIR: /opt/hostedtoolcache/Python/3.13.5/x64
2026-09-12T07:47:09.5215507Z   Python2_ROOT_DIR: /opt/hostedtoolcache/Python/3.13.5/x64
2026-09-12T07:47:09.5215966Z   Python3_ROOT_DIR: /opt/hostedtoolcache/Python/3.13.5/x64
2026-09-12T07:47:09.5216399Z   LD_LIBRARY_PATH: /opt/hostedtoolcache/Python/3.13.5/x64/lib
2026-09-12T07:47:09.5216769Z ##[endgroup]
2026-09-12T07:47:14.9801955Z {
2026-09-12T07:47:14.9821429Z   "pages": 17,
2026-09-12T07:47:14.9822051Z   "themed_svg_files": 10,
2026-09-12T07:47:14.9841322Z   "mathml_expressions": 761,
2026-09-12T07:47:14.9861197Z   "baseline_preservation": {
2026-09-12T07:47:14.9881383Z     "baseline_commit": "9a1e4cb3bad843db9cec1fa348870ca7162df0e0",
2026-09-12T07:47:14.9901223Z     "baseline_members_unchanged_except_root_editorial_pages": 163,
2026-09-12T07:47:14.9902169Z     "approved_graphical_artifacts_unchanged": 27,
2026-09-12T07:47:14.9921303Z     "original_root_documents_preserved": true
2026-09-12T07:47:14.9941092Z   },
2026-09-12T07:47:14.9963478Z   "output": "/home/runner/work/Measurement-Geometry-Superadditivity/Measurement-Geometry-Superadditivity/build/project-site"
2026-09-12T07:47:14.9966247Z }
2026-09-12T07:47:17.9607719Z {
2026-09-12T07:47:17.9608355Z   "passed": true,
2026-09-12T07:47:17.9609313Z   "html_pages": 17,
2026-09-12T07:47:17.9609904Z   "routes_checked": [
2026-09-12T07:47:17.9610425Z     "argument",
2026-09-12T07:47:17.9611499Z     "background",
2026-09-12T07:47:17.9612028Z     "channel",
2026-09-12T07:47:17.9612515Z     "figures",
2026-09-12T07:47:17.9612972Z     "index",
2026-09-12T07:47:17.9613443Z     "limits",
2026-09-12T07:47:17.9613924Z     "materials",
2026-09-12T07:47:17.9614400Z     "model",
2026-09-12T07:47:17.9614868Z     "notation",
2026-09-12T07:47:17.9615347Z     "proof",
2026-09-12T07:47:17.9615832Z     "proof-guide",
2026-09-12T07:47:17.9616326Z     "provenance",
2026-09-12T07:47:17.9616848Z     "references",
2026-09-12T07:47:17.9617313Z     "reproduce",
2026-09-12T07:47:17.9617781Z     "status",
2026-09-12T07:47:17.9618237Z     "verification",
2026-09-12T07:47:17.9618727Z     "visual-design"
2026-09-12T07:47:17.9619194Z   ],
2026-09-12T07:47:17.9619681Z   "learning_bridge_metadata_verified": true,
2026-09-12T07:47:17.9620329Z   "local_links_checked": 1242,
2026-09-12T07:47:17.9621243Z   "external_links_not_fetched": 20,
2026-09-12T07:47:17.9622004Z   "mathml_expressions": 761,
2026-09-12T07:47:17.9622736Z   "canonical_sources": [
2026-09-12T07:47:17.9623383Z     {
2026-09-12T07:47:17.9624000Z       "source": "docs/MODEL_AND_CLAIMS.md",
2026-09-12T07:47:17.9625042Z       "sha256": "e15b0f0e64755ae2f6c707b467eb495045ebe13985c9990da506807b265cb708",
2026-09-12T07:47:17.9626156Z       "displayed_equations_retained": 18
2026-09-12T07:47:17.9626906Z     },
2026-09-12T07:47:17.9627465Z     {
2026-09-12T07:47:17.9628066Z       "source": "docs/COMPLETE_PROOF.md",
2026-09-12T07:47:17.9629106Z       "sha256": "dbc758b3d26d57815a70ac89d58a3996f9b3c7eb781a1de7d74e386e185033fa",
2026-09-12T07:47:17.9630263Z       "displayed_equations_retained": 119
2026-09-12T07:47:17.9631061Z     },
2026-09-12T07:47:17.9631538Z     {
2026-09-12T07:47:17.9632020Z       "source": "docs/REPRODUCTION.md",
2026-09-12T07:47:17.9633160Z       "sha256": "1cb7447bcdd1475aad9f30f71868d8c0615acb2cba9c9f6bd22f05a9bc962526",
2026-09-12T07:47:17.9634037Z       "displayed_equations_retained": 0
2026-09-12T07:47:17.9634596Z     },
2026-09-12T07:47:17.9635043Z     {
2026-09-12T07:47:17.9635512Z       "source": "docs/REFERENCES.md",
2026-09-12T07:47:17.9636285Z       "sha256": "25a57ce2595a27f3578e698e2cfaa119599c5b3f2452fadf9c91bb5276250c7f",
2026-09-12T07:47:17.9637180Z       "displayed_equations_retained": 0
2026-09-12T07:47:17.9637737Z     },
2026-09-12T07:47:17.9638164Z     {
2026-09-12T07:47:17.9638644Z       "source": "docs/NOTATION_CROSSWALK.md",
2026-09-12T07:47:17.9639444Z       "sha256": "3dc137c0cc419ca08ca996759bd76243c48e3932e6615277d73e329ab86772d8",
2026-09-12T07:47:17.9640306Z       "displayed_equations_retained": 0
2026-09-12T07:47:17.9641109Z     },
2026-09-12T07:47:17.9641609Z     {
2026-09-12T07:47:17.9642169Z       "source": "docs/SOURCE_TO_CANONICAL.md",
2026-09-12T07:47:17.9643037Z       "sha256": "6dc411858dc78e346b2a75e06b1e2871eb739051abe289ee74959c6442e4033f",
2026-09-12T07:47:17.9644031Z       "displayed_equations_retained": 0
2026-09-12T07:47:17.9644740Z     },
2026-09-12T07:47:17.9645200Z     {
2026-09-12T07:47:17.9645699Z       "source": "docs/FROZEN_ARGUMENT.md",
2026-09-12T07:47:17.9646544Z       "sha256": "bdada1edb06c814ea563068317e38c09c3d96dfe539bbddf7523bd0a49ca2ad7",
2026-09-12T07:47:17.9647423Z       "displayed_equations_retained": 1
2026-09-12T07:47:17.9648005Z     }
2026-09-12T07:47:17.9648448Z   ],
2026-09-12T07:47:17.9648923Z   "palette_text_contrasts": [
2026-09-12T07:47:17.9649465Z     {
2026-09-12T07:47:17.9650132Z       "foreground": "ink",
2026-09-12T07:47:17.9650925Z       "background": "paper",
2026-09-12T07:47:17.9651697Z       "contrast": 11.695882755554589,
2026-09-12T07:47:17.9652303Z       "at_least_4_5": true
2026-09-12T07:47:17.9652810Z     },
2026-09-12T07:47:17.9653456Z     {
2026-09-12T07:47:17.9654076Z       "foreground": "muted",
2026-09-12T07:47:17.9655018Z       "background": "paper",
2026-09-12T07:47:17.9655769Z       "contrast": 5.3348619788933425,
2026-09-12T07:47:17.9656824Z       "at_least_4_5": true
2026-09-12T07:47:17.9657610Z     },
2026-09-12T07:47:17.9658196Z     {
2026-09-12T07:47:17.9658895Z       "foreground": "indigo",
2026-09-12T07:47:17.9659740Z       "background": "paper",
2026-09-12T07:47:17.9660534Z       "contrast": 7.936852261114904,
2026-09-12T07:47:17.9662318Z       "at_least_4_5": true
2026-09-12T07:47:17.9746888Z     },
2026-09-12T07:47:17.9747456Z     {
2026-09-12T07:47:17.9747961Z       "foreground": "rust",
2026-09-12T07:47:17.9748558Z       "background": "paper",
2026-09-12T07:47:17.9749133Z       "contrast": 5.15806473522964,
2026-09-12T07:47:17.9749703Z       "at_least_4_5": true
2026-09-12T07:47:17.9750233Z     },
2026-09-12T07:47:17.9750926Z     {
2026-09-12T07:47:17.9751449Z       "foreground": "sage_ink",
2026-09-12T07:47:17.9752049Z       "background": "paper",
2026-09-12T07:47:17.9752627Z       "contrast": 5.6980052112343405,
2026-09-12T07:47:17.9753236Z       "at_least_4_5": true
2026-09-12T07:47:17.9753760Z     },
2026-09-12T07:47:17.9754229Z     {
2026-09-12T07:47:17.9754702Z       "foreground": "white",
2026-09-12T07:47:17.9755285Z       "background": "indigo",
2026-09-12T07:47:17.9755853Z       "contrast": 8.723490718145428,
2026-09-12T07:47:17.9756457Z       "at_least_4_5": true
2026-09-12T07:47:17.9756974Z     },
2026-09-12T07:47:17.9757424Z     {
2026-09-12T07:47:17.9757881Z       "foreground": "ink",
2026-09-12T07:47:17.9758429Z       "background": "yellow",
2026-09-12T07:47:17.9758969Z       "contrast": 7.442678114892642,
2026-09-12T07:47:17.9759536Z       "at_least_4_5": true
2026-09-12T07:47:17.9760058Z     },
2026-09-12T07:47:17.9760505Z     {
2026-09-12T07:47:17.9761308Z       "foreground": "muted",
2026-09-12T07:47:17.9761855Z       "background": "mist",
2026-09-12T07:47:17.9762390Z       "contrast": 5.016421471006098,
2026-09-12T07:47:17.9762932Z       "at_least_4_5": true
2026-09-12T07:47:17.9763421Z     }
2026-09-12T07:47:17.9763844Z   ],
2026-09-12T07:47:17.9764702Z   "color_only_svg_derivatives": 10,
2026-09-12T07:47:17.9765320Z   "source_preservation": {
2026-09-12T07:47:17.9766017Z     "baseline_commit": "9a1e4cb3bad843db9cec1fa348870ca7162df0e0",
2026-09-12T07:47:17.9766975Z     "baseline_members_unchanged_except_root_editorial_pages": 163,
2026-09-12T07:47:17.9767852Z     "approved_graphical_artifacts_unchanged": 27,
2026-09-12T07:47:17.9768615Z     "original_root_documents_preserved": true
2026-09-12T07:47:17.9769288Z   },
2026-09-12T07:47:17.9769833Z   "no_public_deployment": true,
2026-09-12T07:47:17.9770480Z   "new_math_verification": false,
2026-09-12T07:47:17.9771372Z   "browser_checks_separate": true
2026-09-12T07:47:17.9771987Z }
2026-09-12T07:47:18.0153650Z ##[group]Run python -m http.server 8765 --bind 127.0.0.1 --directory build/project-site > "$RUNNER_TEMP/reader-http.log" 2>&1 &
2026-09-12T07:47:18.0154651Z python -m http.server 8765 --bind 127.0.0.1 --directory build/project-site > "$RUNNER_TEMP/reader-http.log" 2>&1 &
2026-09-12T07:47:18.0155225Z server_pid=$!
2026-09-12T07:47:18.0155499Z trap 'kill "$server_pid"' EXIT
2026-09-12T07:47:18.0155791Z for attempt in $(seq 1 20); do
2026-09-12T07:47:18.0156190Z   curl -fsS http://127.0.0.1:8765/index.html -o /dev/null && break
2026-09-12T07:47:18.0156573Z   sleep 1
2026-09-12T07:47:18.0156790Z done
2026-09-12T07:47:18.0157336Z python website/browser_check.py --site build/project-site --output build/reader-browser --base-url http://127.0.0.1:8765
2026-09-12T07:47:18.0194626Z shell: /usr/bin/bash -e {0}
2026-09-12T07:47:18.0194898Z env:
2026-09-12T07:47:18.0195110Z   OPENBLAS_NUM_THREADS: 1
2026-09-12T07:47:18.0195419Z   OMP_NUM_THREADS: 1
2026-09-12T07:47:18.0195646Z   MPLBACKEND: Agg
2026-09-12T07:47:18.0195876Z   PYTHONDONTWRITEBYTECODE: 1
2026-09-12T07:47:18.0196207Z   pythonLocation: /opt/hostedtoolcache/Python/3.13.5/x64
2026-09-12T07:47:18.0196656Z   PKG_CONFIG_PATH: /opt/hostedtoolcache/Python/3.13.5/x64/lib/pkgconfig
2026-09-12T07:47:18.0197097Z   Python_ROOT_DIR: /opt/hostedtoolcache/Python/3.13.5/x64
2026-09-12T07:47:18.0197695Z   Python2_ROOT_DIR: /opt/hostedtoolcache/Python/3.13.5/x64
2026-09-12T07:47:18.0198090Z   Python3_ROOT_DIR: /opt/hostedtoolcache/Python/3.13.5/x64
2026-09-12T07:47:18.0198487Z   LD_LIBRARY_PATH: /opt/hostedtoolcache/Python/3.13.5/x64/lib
2026-09-12T07:47:18.0198823Z ##[endgroup]
2026-09-12T07:47:18.0372184Z curl: (7) Failed to connect to 127.0.0.1 port 8765 after 0 ms: Couldn't connect to server
2026-09-12T07:49:24.6964255Z {
2026-09-12T07:49:24.6965077Z   "passed": true,
2026-09-12T07:49:24.6965689Z   "mode": "local HTTP navigation",
2026-09-12T07:49:24.6966368Z   "desktop_viewport": [
2026-09-12T07:49:24.6966938Z     1440,
2026-09-12T07:49:24.6967403Z     1000
2026-09-12T07:49:24.6967858Z   ],
2026-09-12T07:49:24.6968330Z   "mobile_viewport": [
2026-09-12T07:49:24.6968868Z     390,
2026-09-12T07:49:24.6969332Z     844
2026-09-12T07:49:24.6969802Z   ],
2026-09-12T07:49:24.6970311Z   "external_requests": [],
2026-09-12T07:49:24.6973722Z   "failed_requests": [],
2026-09-12T07:49:24.6974346Z   "console_page_errors": [],
2026-09-12T07:49:24.6974919Z   "page_records": [
2026-09-12T07:49:24.6975424Z     {
2026-09-12T07:49:24.6975903Z       "page": "index",
2026-09-12T07:49:24.6976456Z       "desktop_no_page_overflow": true,
2026-09-12T07:49:24.6977092Z       "images_loaded": true,
2026-09-12T07:49:24.6977732Z       "configured_navigation_complete": true,
2026-09-12T07:49:24.6978383Z       "mobile_no_page_overflow": true,
2026-09-12T07:49:24.6979005Z       "mobile_menu_keyboard_controls": true
2026-09-12T07:49:24.6979614Z     },
2026-09-12T07:49:24.6980108Z     {
2026-09-12T07:49:24.6980637Z       "page": "background",
2026-09-12T07:49:24.6981568Z       "desktop_no_page_overflow": true,
2026-09-12T07:49:24.6982186Z       "images_loaded": true,
2026-09-12T07:49:24.6982784Z       "configured_navigation_complete": true,
2026-09-12T07:49:24.6983429Z       "mobile_no_page_overflow": true,
2026-09-12T07:49:24.6984038Z       "mobile_menu_keyboard_controls": true
2026-09-12T07:49:24.6984638Z     },
2026-09-12T07:49:24.6985088Z     {
2026-09-12T07:49:24.6985582Z       "page": "channel",
2026-09-12T07:49:24.6986145Z       "desktop_no_page_overflow": true,
2026-09-12T07:49:24.6986744Z       "images_loaded": true,
2026-09-12T07:49:24.6987333Z       "configured_navigation_complete": true,
2026-09-12T07:49:24.6987980Z       "mobile_no_page_overflow": true,
2026-09-12T07:49:24.6988600Z       "mobile_menu_keyboard_controls": true
2026-09-12T07:49:24.6989186Z     },
2026-09-12T07:49:24.6989649Z     {
2026-09-12T07:49:24.6990132Z       "page": "proof-guide",
2026-09-12T07:49:24.6991409Z       "desktop_no_page_overflow": true,
2026-09-12T07:49:24.6992231Z       "images_loaded": true,
2026-09-12T07:49:24.6992960Z       "configured_navigation_complete": true,
2026-09-12T07:49:24.6993742Z       "mobile_no_page_overflow": true,
2026-09-12T07:49:24.6994503Z       "mobile_menu_keyboard_controls": true
2026-09-12T07:49:24.6995213Z     },
2026-09-12T07:49:24.6995730Z     {
2026-09-12T07:49:24.6996273Z       "page": "figures",
2026-09-12T07:49:24.6996910Z       "desktop_no_page_overflow": true,
2026-09-12T07:49:24.6997575Z       "images_loaded": true,
2026-09-12T07:49:24.6998328Z       "configured_navigation_complete": true,
2026-09-12T07:49:24.6999034Z       "mobile_no_page_overflow": true,
2026-09-12T07:49:24.6999719Z       "mobile_menu_keyboard_controls": true
2026-09-12T07:49:24.7000388Z     },
2026-09-12T07:49:24.7001216Z     {
2026-09-12T07:49:24.7001769Z       "page": "limits",
2026-09-12T07:49:24.7002418Z       "desktop_no_page_overflow": true,
2026-09-12T07:49:24.7003161Z       "images_loaded": true,
2026-09-12T07:49:24.7003880Z       "configured_navigation_complete": true,
2026-09-12T07:49:24.7004603Z       "mobile_no_page_overflow": true,
2026-09-12T07:49:24.7005272Z       "mobile_menu_keyboard_controls": true
2026-09-12T07:49:24.7005964Z     },
2026-09-12T07:49:24.7006530Z     {
2026-09-12T07:49:24.7007055Z       "page": "model",
2026-09-12T07:49:24.7007703Z       "desktop_no_page_overflow": true,
2026-09-12T07:49:24.7008743Z       "images_loaded": true,
2026-09-12T07:49:24.7009403Z       "configured_navigation_complete": true,
2026-09-12T07:49:24.7010142Z       "mobile_no_page_overflow": true,
2026-09-12T07:49:24.7011172Z       "mobile_menu_keyboard_controls": true
2026-09-12T07:49:24.7011872Z     },
2026-09-12T07:49:24.7012357Z     {
2026-09-12T07:49:24.7012851Z       "page": "proof",
2026-09-12T07:49:24.7013433Z       "desktop_no_page_overflow": true,
2026-09-12T07:49:24.7014048Z       "images_loaded": true,
2026-09-12T07:49:24.7014652Z       "configured_navigation_complete": true,
2026-09-12T07:49:24.7015314Z       "mobile_no_page_overflow": true,
2026-09-12T07:49:24.7015975Z       "mobile_menu_keyboard_controls": true
2026-09-12T07:49:24.7016613Z     },
2026-09-12T07:49:24.7017085Z     {
2026-09-12T07:49:24.7017640Z       "page": "verification",
2026-09-12T07:49:24.7018306Z       "desktop_no_page_overflow": true,
2026-09-12T07:49:24.7018941Z       "images_loaded": true,
2026-09-12T07:49:24.7019625Z       "configured_navigation_complete": true,
2026-09-12T07:49:24.7020315Z       "mobile_no_page_overflow": true,
2026-09-12T07:49:24.7021230Z       "mobile_menu_keyboard_controls": true
2026-09-12T07:49:24.7021852Z     },
2026-09-12T07:49:24.7022325Z     {
2026-09-12T07:49:24.7022816Z       "page": "reproduce",
2026-09-12T07:49:24.7023405Z       "desktop_no_page_overflow": true,
2026-09-12T07:49:24.7024024Z       "images_loaded": true,
2026-09-12T07:49:24.7024644Z       "configured_navigation_complete": true,
2026-09-12T07:49:24.7025323Z       "mobile_no_page_overflow": true,
2026-09-12T07:49:24.7025945Z       "mobile_menu_keyboard_controls": true
2026-09-12T07:49:24.7026576Z     },
2026-09-12T07:49:24.7027050Z     {
2026-09-12T07:49:24.7027545Z       "page": "references",
2026-09-12T07:49:24.7028100Z       "desktop_no_page_overflow": true,
2026-09-12T07:49:24.7028779Z       "images_loaded": true,
2026-09-12T07:49:24.7029477Z       "configured_navigation_complete": true,
2026-09-12T07:49:24.7030392Z       "mobile_no_page_overflow": true,
2026-09-12T07:49:24.7031326Z       "mobile_menu_keyboard_controls": true
2026-09-12T07:49:24.7032014Z     },
2026-09-12T07:49:24.7032549Z     {
2026-09-12T07:49:24.7033053Z       "page": "materials",
2026-09-12T07:49:24.7033653Z       "desktop_no_page_overflow": true,
2026-09-12T07:49:24.7034297Z       "images_loaded": true,
2026-09-12T07:49:24.7034896Z       "configured_navigation_complete": true,
2026-09-12T07:49:24.7035551Z       "mobile_no_page_overflow": true,
2026-09-12T07:49:24.7036168Z       "mobile_menu_keyboard_controls": true
2026-09-12T07:49:24.7036749Z     },
2026-09-12T07:49:24.7037446Z     {
2026-09-12T07:49:24.7037961Z       "page": "notation",
2026-09-12T07:49:24.7038524Z       "desktop_no_page_overflow": true,
2026-09-12T07:49:24.7039127Z       "images_loaded": true,
2026-09-12T07:49:24.7039716Z       "configured_navigation_complete": true,
2026-09-12T07:49:24.7040360Z       "mobile_no_page_overflow": true,
2026-09-12T07:49:24.7041367Z       "mobile_menu_keyboard_controls": true
2026-09-12T07:49:24.7042172Z     },
2026-09-12T07:49:24.7042634Z     {
2026-09-12T07:49:24.7043109Z       "page": "provenance",
2026-09-12T07:49:24.7043689Z       "desktop_no_page_overflow": true,
2026-09-12T07:49:24.7044300Z       "images_loaded": true,
2026-09-12T07:49:24.7044900Z       "configured_navigation_complete": true,
2026-09-12T07:49:24.7045597Z       "mobile_no_page_overflow": true,
2026-09-12T07:49:24.7046317Z       "mobile_menu_keyboard_controls": true
2026-09-12T07:49:24.7046973Z     },
2026-09-12T07:49:24.7047443Z     {
2026-09-12T07:49:24.7047941Z       "page": "argument",
2026-09-12T07:49:24.7048631Z       "desktop_no_page_overflow": true,
2026-09-12T07:49:24.7049268Z       "images_loaded": true,
2026-09-12T07:49:24.7049871Z       "configured_navigation_complete": true,
2026-09-12T07:49:24.7050601Z       "mobile_no_page_overflow": true,
2026-09-12T07:49:24.7051565Z       "mobile_menu_keyboard_controls": true
2026-09-12T07:49:24.7052222Z     },
2026-09-12T07:49:24.7053046Z     {
2026-09-12T07:49:24.7053554Z       "page": "visual-design",
2026-09-12T07:49:24.7054186Z       "desktop_no_page_overflow": true,
2026-09-12T07:49:24.7054877Z       "images_loaded": true,
2026-09-12T07:49:24.7055515Z       "configured_navigation_complete": true,
2026-09-12T07:49:24.7056175Z       "mobile_no_page_overflow": true,
2026-09-12T07:49:24.7056833Z       "mobile_menu_keyboard_controls": true
2026-09-12T07:49:24.7057593Z     },
2026-09-12T07:49:24.7058070Z     {
2026-09-12T07:49:24.7058619Z       "page": "status",
2026-09-12T07:49:24.7059357Z       "desktop_no_page_overflow": true,
2026-09-12T07:49:24.7059991Z       "images_loaded": true,
2026-09-12T07:49:24.7060616Z       "configured_navigation_complete": true,
2026-09-12T07:49:24.7061691Z       "mobile_no_page_overflow": true,
2026-09-12T07:49:24.7062348Z       "mobile_menu_keyboard_controls": true
2026-09-12T07:49:24.7062937Z     }
2026-09-12T07:49:24.7063390Z   ],
2026-09-12T07:49:24.7063864Z   "source_downloads": [
2026-09-12T07:49:24.7064395Z     {
2026-09-12T07:49:24.7064867Z       "page": "index",
2026-09-12T07:49:24.7065452Z       "href": "files/website/pages/index.md",
2026-09-12T07:49:24.7066058Z       "status": 200,
2026-09-12T07:49:24.7066803Z       "sha256": "b35b19b23be49f5f70dbeb33236a4e50feb2a3ff29f8a6fc54bef60844971bc7",
2026-09-12T07:49:24.7067674Z       "matches_local_source": true
2026-09-12T07:49:24.7068246Z     },
2026-09-12T07:49:24.7068717Z     {
2026-09-12T07:49:24.7069203Z       "page": "background",
2026-09-12T07:49:24.7069834Z       "href": "files/website/pages/background.md",
2026-09-12T07:49:24.7070514Z       "status": 200,
2026-09-12T07:49:24.7071553Z       "sha256": "225e84c9233f1cc4b5d1ac2479920a422021b68211e5b06ada740fbe6058a73c",
2026-09-12T07:49:24.7072390Z       "matches_local_source": true
2026-09-12T07:49:24.7072969Z     },
2026-09-12T07:49:24.7073418Z     {
2026-09-12T07:49:24.7073906Z       "page": "channel",
2026-09-12T07:49:24.7074523Z       "href": "files/website/pages/channel.md",
2026-09-12T07:49:24.7075161Z       "status": 200,
2026-09-12T07:49:24.7075894Z       "sha256": "9520e182130fd0582d74b37b87d9a6f58e3fd2a861362e05b3707eed6a200dc3",
2026-09-12T07:49:24.7076810Z       "matches_local_source": true
2026-09-12T07:49:24.7077527Z     },
2026-09-12T07:49:24.7078093Z     {
2026-09-12T07:49:24.7078645Z       "page": "proof-guide",
2026-09-12T07:49:24.7079291Z       "href": "files/website/pages/proof-guide.md",
2026-09-12T07:49:24.7079965Z       "status": 200,
2026-09-12T07:49:24.7080659Z       "sha256": "a0b6276e0534a613a930d6ee552168249238be94c4f32f35da905f2c6b10413c",
2026-09-12T07:49:24.7081914Z       "matches_local_source": true
2026-09-12T07:49:24.7082480Z     },
2026-09-12T07:49:24.7083279Z     {
2026-09-12T07:49:24.7083719Z       "page": "figures",
2026-09-12T07:49:24.7084282Z       "href": "files/website/pages/figures.md",
2026-09-12T07:49:24.7084882Z       "status": 200,
2026-09-12T07:49:24.7085579Z       "sha256": "d143a37de6865030b14c3dfa8e67fb34ed4f33baf1b0f9e111937942e1f5f4af",
2026-09-12T07:49:24.7086497Z       "matches_local_source": true
2026-09-12T07:49:24.7087060Z     },
2026-09-12T07:49:24.7087510Z     {
2026-09-12T07:49:24.7088011Z       "page": "limits",
2026-09-12T07:49:24.7088594Z       "href": "files/website/pages/limits.md",
2026-09-12T07:49:24.7089234Z       "status": 200,
2026-09-12T07:49:24.7090001Z       "sha256": "4a5df0b875f9ee66deb13598cdaefe8ef290b69dce2b5663db62223f1ace2c79",
2026-09-12T07:49:24.7091095Z       "matches_local_source": true
2026-09-12T07:49:24.7091683Z     },
2026-09-12T07:49:24.7092133Z     {
2026-09-12T07:49:24.7092596Z       "page": "model",
2026-09-12T07:49:24.7093196Z       "href": "files/docs/MODEL_AND_CLAIMS.md",
2026-09-12T07:49:24.7093889Z       "status": 200,
2026-09-12T07:49:24.7094719Z       "sha256": "e15b0f0e64755ae2f6c707b467eb495045ebe13985c9990da506807b265cb708",
2026-09-12T07:49:24.7095642Z       "matches_local_source": true
2026-09-12T07:49:24.7096247Z     },
2026-09-12T07:49:24.7096768Z     {
2026-09-12T07:49:24.7097273Z       "page": "proof",
2026-09-12T07:49:24.7098306Z       "href": "files/docs/COMPLETE_PROOF.md",
2026-09-12T07:49:24.7098955Z       "status": 200,
2026-09-12T07:49:24.7099717Z       "sha256": "dbc758b3d26d57815a70ac89d58a3996f9b3c7eb781a1de7d74e386e185033fa",
2026-09-12T07:49:24.7100644Z       "matches_local_source": true
2026-09-12T07:49:24.7101414Z     },
2026-09-12T07:49:24.7101870Z     {
2026-09-12T07:49:24.7102348Z       "page": "verification",
2026-09-12T07:49:24.7102945Z       "href": "files/website/pages/verification.md",
2026-09-12T07:49:24.7103593Z       "status": 200,
2026-09-12T07:49:24.7104309Z       "sha256": "c2eb125f9bad1258ec1c956da244b815917d8a800e3d5e1e68ef222304ccdd9e",
2026-09-12T07:49:24.7105109Z       "matches_local_source": true
2026-09-12T07:49:24.7105633Z     },
2026-09-12T07:49:24.7106062Z     {
2026-09-12T07:49:24.7106508Z       "page": "reproduce",
2026-09-12T07:49:24.7107045Z       "href": "files/docs/REPRODUCTION.md",
2026-09-12T07:49:24.7107689Z       "status": 200,
2026-09-12T07:49:24.7108437Z       "sha256": "1cb7447bcdd1475aad9f30f71868d8c0615acb2cba9c9f6bd22f05a9bc962526",
2026-09-12T07:49:24.7109285Z       "matches_local_source": true
2026-09-12T07:49:24.7109943Z     },
2026-09-12T07:49:24.7110465Z     {
2026-09-12T07:49:24.7111230Z       "page": "references",
2026-09-12T07:49:24.7111915Z       "href": "files/docs/REFERENCES.md",
2026-09-12T07:49:24.7112532Z       "status": 200,
2026-09-12T07:49:24.7113244Z       "sha256": "25a57ce2595a27f3578e698e2cfaa119599c5b3f2452fadf9c91bb5276250c7f",
2026-09-12T07:49:24.7114079Z       "matches_local_source": true
2026-09-12T07:49:24.7114633Z     },
2026-09-12T07:49:24.7115141Z     {
2026-09-12T07:49:24.7115672Z       "page": "materials",
2026-09-12T07:49:24.7116307Z       "href": "files/website/pages/materials.md",
2026-09-12T07:49:24.7116977Z       "status": 200,
2026-09-12T07:49:24.7117756Z       "sha256": "bc1ed853835411db8c44efe8f8ebf093067f888bf5a647824e310cf1d6adc920",
2026-09-12T07:49:24.7118626Z       "matches_local_source": true
2026-09-12T07:49:24.7119225Z     },
2026-09-12T07:49:24.7119716Z     {
2026-09-12T07:49:24.7120255Z       "page": "notation",
2026-09-12T07:49:24.7121136Z       "href": "files/docs/NOTATION_CROSSWALK.md",
2026-09-12T07:49:24.7121886Z       "status": 200,
2026-09-12T07:49:24.7122714Z       "sha256": "3dc137c0cc419ca08ca996759bd76243c48e3932e6615277d73e329ab86772d8",
2026-09-12T07:49:24.7123591Z       "matches_local_source": true
2026-09-12T07:49:24.7124171Z     },
2026-09-12T07:49:24.7124609Z     {
2026-09-12T07:49:24.7125072Z       "page": "provenance",
2026-09-12T07:49:24.7125997Z       "href": "files/docs/SOURCE_TO_CANONICAL.md",
2026-09-12T07:49:24.7126648Z       "status": 200,
2026-09-12T07:49:24.7127386Z       "sha256": "6dc411858dc78e346b2a75e06b1e2871eb739051abe289ee74959c6442e4033f",
2026-09-12T07:49:24.7128470Z       "matches_local_source": true
2026-09-12T07:49:24.7129188Z     },
2026-09-12T07:49:24.7129861Z     {
2026-09-12T07:49:24.7130491Z       "page": "argument",
2026-09-12T07:49:24.7131489Z       "href": "files/docs/FROZEN_ARGUMENT.md",
2026-09-12T07:49:24.7132323Z       "status": 200,
2026-09-12T07:49:24.7133250Z       "sha256": "bdada1edb06c814ea563068317e38c09c3d96dfe539bbddf7523bd0a49ca2ad7",
2026-09-12T07:49:24.7134446Z       "matches_local_source": true
2026-09-12T07:49:24.7135214Z     },
2026-09-12T07:49:24.7135818Z     {
2026-09-12T07:49:24.7136444Z       "page": "visual-design",
2026-09-12T07:49:24.7137319Z       "href": "files/website/pages/visual-design.md",
2026-09-12T07:49:24.7138166Z       "status": 200,
2026-09-12T07:49:24.7139148Z       "sha256": "7bffe4771f0bd6fd75cec51e4cb06cb1b89ada4f44c9c8621b25253da321e84f",
2026-09-12T07:49:24.7140317Z       "matches_local_source": true
2026-09-12T07:49:24.7141309Z     },
2026-09-12T07:49:24.7141852Z     {
2026-09-12T07:49:24.7142428Z       "page": "status",
2026-09-12T07:49:24.7143128Z       "href": "files/website/pages/status.md",
2026-09-12T07:49:24.7143929Z       "status": 200,
2026-09-12T07:49:24.7144850Z       "sha256": "ab8ae62c54c26279d2c5a490cc24993712b8ae8f8695c591ab591297c51939cb",
2026-09-12T07:49:24.7145966Z       "matches_local_source": true
2026-09-12T07:49:24.7146562Z     }
2026-09-12T07:49:24.7147059Z   ],
2026-09-12T07:49:24.7147746Z   "navigation_records": [
2026-09-12T07:49:24.7148296Z     {
2026-09-12T07:49:24.7148797Z       "from": "index",
2026-09-12T07:49:24.7149340Z       "to": "background",
2026-09-12T07:49:24.7149904Z       "control": "next-link"
2026-09-12T07:49:24.7150451Z     },
2026-09-12T07:49:24.7151138Z     {
2026-09-12T07:49:24.7151667Z       "from": "background",
2026-09-12T07:49:24.7152246Z       "to": "channel",
2026-09-12T07:49:24.7152809Z       "control": "next-link"
2026-09-12T07:49:24.7153428Z     },
2026-09-12T07:49:24.7153935Z     {
2026-09-12T07:49:24.7154464Z       "from": "background",
2026-09-12T07:49:24.7155070Z       "to": "index",
2026-09-12T07:49:24.7155621Z       "control": "previous-link"
2026-09-12T07:49:24.7156165Z     },
2026-09-12T07:49:24.7156624Z     {
2026-09-12T07:49:24.7157092Z       "from": "channel",
2026-09-12T07:49:24.7157683Z       "to": "proof-guide",
2026-09-12T07:49:24.7158238Z       "control": "next-link"
2026-09-12T07:49:24.7158796Z     },
2026-09-12T07:49:24.7159272Z     {
2026-09-12T07:49:24.7159767Z       "from": "channel",
2026-09-12T07:49:24.7160330Z       "to": "background",
2026-09-12T07:49:24.7161107Z       "control": "previous-link"
2026-09-12T07:49:24.7161683Z     },
2026-09-12T07:49:24.7162148Z     {
2026-09-12T07:49:24.7162630Z       "from": "proof-guide",
2026-09-12T07:49:24.7163274Z       "to": "model",
2026-09-12T07:49:24.7163803Z       "control": "next-link"
2026-09-12T07:49:24.7164388Z     },
2026-09-12T07:49:24.7164910Z     {
2026-09-12T07:49:24.7165410Z       "from": "proof-guide",
2026-09-12T07:49:24.7165981Z       "to": "channel",
2026-09-12T07:49:24.7166530Z       "control": "previous-link"
2026-09-12T07:49:24.7167104Z     },
2026-09-12T07:49:24.7167567Z     {
2026-09-12T07:49:24.7168049Z       "from": "figures",
2026-09-12T07:49:24.7168796Z       "to": "limits",
2026-09-12T07:49:24.7169398Z       "control": "next-link"
2026-09-12T07:49:24.7169971Z     },
2026-09-12T07:49:24.7170457Z     {
2026-09-12T07:49:24.7171147Z       "from": "figures",
2026-09-12T07:49:24.7171746Z       "to": "proof-guide",
2026-09-12T07:49:24.7172360Z       "control": "previous-link"
2026-09-12T07:49:24.7172976Z     },
2026-09-12T07:49:24.7173480Z     {
2026-09-12T07:49:24.7174000Z       "from": "limits",
2026-09-12T07:49:24.7174581Z       "to": "verification",
2026-09-12T07:49:24.7175152Z       "control": "next-link"
2026-09-12T07:49:24.7175761Z     },
2026-09-12T07:49:24.7176248Z     {
2026-09-12T07:49:24.7176988Z       "from": "limits",
2026-09-12T07:49:24.7177618Z       "to": "proof",
2026-09-12T07:49:24.7178226Z       "control": "previous-link"
2026-09-12T07:49:24.7178802Z     },
2026-09-12T07:49:24.7179319Z     {
2026-09-12T07:49:24.7179952Z       "from": "model",
2026-09-12T07:49:24.7181122Z       "to": "proof",
2026-09-12T07:49:24.7181925Z       "control": "next-link"
2026-09-12T07:49:24.7182635Z     },
2026-09-12T07:49:24.7183125Z     {
2026-09-12T07:49:24.7183678Z       "from": "model",
2026-09-12T07:49:24.7184304Z       "to": "proof-guide",
2026-09-12T07:49:24.7184873Z       "control": "previous-link"
2026-09-12T07:49:24.7185487Z     },
2026-09-12T07:49:24.7186080Z     {
2026-09-12T07:49:24.7186628Z       "from": "proof",
2026-09-12T07:49:24.7187264Z       "to": "limits",
2026-09-12T07:49:24.7187884Z       "control": "next-link"
2026-09-12T07:49:24.7188478Z     },
2026-09-12T07:49:24.7188992Z     {
2026-09-12T07:49:24.7189615Z       "from": "proof",
2026-09-12T07:49:24.7190245Z       "to": "model",
2026-09-12T07:49:24.7191108Z       "control": "previous-link"
2026-09-12T07:49:24.7191734Z     },
2026-09-12T07:49:24.7192230Z     {
2026-09-12T07:49:24.7192757Z       "from": "verification",
2026-09-12T07:49:24.7193380Z       "to": "reproduce",
2026-09-12T07:49:24.7194020Z       "control": "next-link"
2026-09-12T07:49:24.7194668Z     },
2026-09-12T07:49:24.7195208Z     {
2026-09-12T07:49:24.7196103Z       "from": "verification",
2026-09-12T07:49:24.7196715Z       "to": "limits",
2026-09-12T07:49:24.7197415Z       "control": "previous-link"
2026-09-12T07:49:24.7198125Z     },
2026-09-12T07:49:24.7198619Z     {
2026-09-12T07:49:24.7199158Z       "from": "reproduce",
2026-09-12T07:49:24.7199891Z       "to": "references",
2026-09-12T07:49:24.7200604Z       "control": "next-link"
2026-09-12T07:49:24.7201431Z     },
2026-09-12T07:49:24.7201987Z     {
2026-09-12T07:49:24.7202532Z       "from": "reproduce",
2026-09-12T07:49:24.7203173Z       "to": "verification",
2026-09-12T07:49:24.7203894Z       "control": "previous-link"
2026-09-12T07:49:24.7204542Z     },
2026-09-12T07:49:24.7205112Z     {
2026-09-12T07:49:24.7205720Z       "from": "references",
2026-09-12T07:49:24.7206397Z       "to": "materials",
2026-09-12T07:49:24.7207081Z       "control": "next-link"
2026-09-12T07:49:24.7207672Z     },
2026-09-12T07:49:24.7208225Z     {
2026-09-12T07:49:24.7208772Z       "from": "references",
2026-09-12T07:49:24.7209617Z       "to": "reproduce",
2026-09-12T07:49:24.7210321Z       "control": "previous-link"
2026-09-12T07:49:24.7211142Z     },
2026-09-12T07:49:24.7211652Z     {
2026-09-12T07:49:24.7212151Z       "from": "materials",
2026-09-12T07:49:24.7212760Z       "to": "status",
2026-09-12T07:49:24.7213366Z       "control": "next-link"
2026-09-12T07:49:24.7213961Z     },
2026-09-12T07:49:24.7214419Z     {
2026-09-12T07:49:24.7214962Z       "from": "materials",
2026-09-12T07:49:24.7215590Z       "to": "references",
2026-09-12T07:49:24.7216192Z       "control": "previous-link"
2026-09-12T07:49:24.7216812Z     },
2026-09-12T07:49:24.7217337Z     {
2026-09-12T07:49:24.7217918Z       "from": "notation",
2026-09-12T07:49:24.7218565Z       "to": "provenance",
2026-09-12T07:49:24.7219185Z       "control": "next-link"
2026-09-12T07:49:24.7219756Z     },
2026-09-12T07:49:24.7220332Z     {
2026-09-12T07:49:24.7221144Z       "from": "notation",
2026-09-12T07:49:24.7221783Z       "to": "materials",
2026-09-12T07:49:24.7222487Z       "control": "previous-link"
2026-09-12T07:49:24.7223188Z     },
2026-09-12T07:49:24.7223729Z     {
2026-09-12T07:49:24.7224358Z       "from": "provenance",
2026-09-12T07:49:24.7225026Z       "to": "materials",
2026-09-12T07:49:24.7225700Z       "control": "next-link"
2026-09-12T07:49:24.7226415Z     },
2026-09-12T07:49:24.7226960Z     {
2026-09-12T07:49:24.7227468Z       "from": "provenance",
2026-09-12T07:49:24.7228037Z       "to": "notation",
2026-09-12T07:49:24.7228612Z       "control": "previous-link"
2026-09-12T07:49:24.7229196Z     },
2026-09-12T07:49:24.7229957Z     {
2026-09-12T07:49:24.7231221Z       "from": "argument",
2026-09-12T07:49:24.7231899Z       "to": "materials",
2026-09-12T07:49:24.7232465Z       "control": "next-link"
2026-09-12T07:49:24.7233023Z     },
2026-09-12T07:49:24.7233479Z     {
2026-09-12T07:49:24.7233929Z       "from": "argument",
2026-09-12T07:49:24.7234439Z       "to": "provenance",
2026-09-12T07:49:24.7234957Z       "control": "previous-link"
2026-09-12T07:49:24.7235520Z     },
2026-09-12T07:49:24.7236000Z     {
2026-09-12T07:49:24.7236507Z       "from": "visual-design",
2026-09-12T07:49:24.7237064Z       "to": "status",
2026-09-12T07:49:24.7237598Z       "control": "next-link"
2026-09-12T07:49:24.7238157Z     },
2026-09-12T07:49:24.7238626Z     {
2026-09-12T07:49:24.7239140Z       "from": "visual-design",
2026-09-12T07:49:24.7239730Z       "to": "argument",
2026-09-12T07:49:24.7240296Z       "control": "previous-link"
2026-09-12T07:49:24.7241114Z     },
2026-09-12T07:49:24.7241624Z     {
2026-09-12T07:49:24.7242116Z       "from": "status",
2026-09-12T07:49:24.7242660Z       "to": "index",
2026-09-12T07:49:24.7243234Z       "control": "next-link"
2026-09-12T07:49:24.7243819Z     },
2026-09-12T07:49:24.7244275Z     {
2026-09-12T07:49:24.7264496Z       "from": "status",
2026-09-12T07:49:24.7265179Z       "to": "materials",
2026-09-12T07:49:24.7265840Z       "control": "previous-link"
2026-09-12T07:49:24.7266450Z     },
2026-09-12T07:49:24.7266972Z     {
2026-09-12T07:49:24.7267810Z       "from": "background",
2026-09-12T07:49:24.7268448Z       "to": "channel.html",
2026-09-12T07:49:24.7269130Z       "control": "bridge-link"
2026-09-12T07:49:24.7269736Z     },
2026-09-12T07:49:24.7270256Z     {
2026-09-12T07:49:24.7271011Z       "from": "background",
2026-09-12T07:49:24.7271719Z       "to": "channel.html#channel-operation",
2026-09-12T07:49:24.7272466Z       "control": "bridge-link"
2026-09-12T07:49:24.7273119Z     },
2026-09-12T07:49:24.7273632Z     {
2026-09-12T07:49:24.7274194Z       "from": "background",
2026-09-12T07:49:24.7274860Z       "to": "channel.html#coherent-repetition",
2026-09-12T07:49:24.7275627Z       "control": "bridge-link"
2026-09-12T07:49:24.7276239Z     },
2026-09-12T07:49:24.7276734Z     {
2026-09-12T07:49:24.7277232Z       "from": "background",
2026-09-12T07:49:24.7277878Z       "to": "channel.html#eight-use-witness",
2026-09-12T07:49:24.7278581Z       "control": "bridge-link"
2026-09-12T07:49:24.7279147Z     },
2026-09-12T07:49:24.7279650Z     {
2026-09-12T07:49:24.7280215Z       "from": "background",
2026-09-12T07:49:24.7281094Z       "to": "channel.html#flagged-information",
2026-09-12T07:49:24.7281868Z       "control": "bridge-link"
2026-09-12T07:49:24.7282483Z     },
2026-09-12T07:49:24.7282950Z     {
2026-09-12T07:49:24.7283452Z       "from": "background",
2026-09-12T07:49:24.7284098Z       "to": "channel.html#reference-state",
2026-09-12T07:49:24.7284889Z       "control": "bridge-link"
2026-09-12T07:49:24.7285548Z     },
2026-09-12T07:49:24.7286034Z     {
2026-09-12T07:49:24.7286569Z       "from": "background",
2026-09-12T07:49:24.7287134Z       "to": "figures.html",
2026-09-12T07:49:24.7287742Z       "control": "bridge-link"
2026-09-12T07:49:24.7288318Z     },
2026-09-12T07:49:24.7288789Z     {
2026-09-12T07:49:24.7289308Z       "from": "background",
2026-09-12T07:49:24.7289859Z       "to": "index.html",
2026-09-12T07:49:24.7290408Z       "control": "bridge-link"
2026-09-12T07:49:24.7291246Z     },
2026-09-12T07:49:24.7291734Z     {
2026-09-12T07:49:24.7292258Z       "from": "background",
2026-09-12T07:49:24.7292835Z       "to": "limits.html",
2026-09-12T07:49:24.7293548Z       "control": "bridge-link"
2026-09-12T07:49:24.7294126Z     },
2026-09-12T07:49:24.7294698Z     {
2026-09-12T07:49:24.7295248Z       "from": "background",
2026-09-12T07:49:24.7295833Z       "to": "limits.html#noise-endpoints",
2026-09-12T07:49:24.7296501Z       "control": "bridge-link"
2026-09-12T07:49:24.7297041Z     },
2026-09-12T07:49:24.7297532Z     {
2026-09-12T07:49:24.7298123Z       "from": "background",
2026-09-12T07:49:24.7298728Z       "to": "model.html#m01",
2026-09-12T07:49:24.7299602Z       "control": "bridge-link"
2026-09-12T07:49:24.7300206Z     },
2026-09-12T07:49:24.7300916Z     {
2026-09-12T07:49:24.7301471Z       "from": "background",
2026-09-12T07:49:24.7302058Z       "to": "model.html#m02",
2026-09-12T07:49:24.7302701Z       "control": "bridge-link"
2026-09-12T07:49:24.7303298Z     },
2026-09-12T07:49:24.7303845Z     {
2026-09-12T07:49:24.7304345Z       "from": "background",
2026-09-12T07:49:24.7305224Z       "to": "model.html#m04",
2026-09-12T07:49:24.7305958Z       "control": "bridge-link"
2026-09-12T07:49:24.7306695Z     },
2026-09-12T07:49:24.7307230Z     {
2026-09-12T07:49:24.7307762Z       "from": "background",
2026-09-12T07:49:24.7308365Z       "to": "notation.html",
2026-09-12T07:49:24.7308984Z       "control": "bridge-link"
2026-09-12T07:49:24.7309670Z     },
2026-09-12T07:49:24.7310156Z     {
2026-09-12T07:49:24.7310919Z       "from": "background",
2026-09-12T07:49:24.7311657Z       "to": "proof-guide.html#finite-before-asymptotic",
2026-09-12T07:49:24.7312470Z       "control": "bridge-link"
2026-09-12T07:49:24.7313129Z     },
2026-09-12T07:49:24.7313613Z     {
2026-09-12T07:49:24.7314102Z       "from": "background",
2026-09-12T07:49:24.7314802Z       "to": "proof-guide.html#geometric-guarantee",
2026-09-12T07:49:24.7315557Z       "control": "bridge-link"
2026-09-12T07:49:24.7316160Z     },
2026-09-12T07:49:24.7316680Z     {
2026-09-12T07:49:24.7317596Z       "from": "background",
2026-09-12T07:49:24.7318306Z       "to": "proof-guide.html#two-costs",
2026-09-12T07:49:24.7319103Z       "control": "bridge-link"
2026-09-12T07:49:24.7319764Z     },
2026-09-12T07:49:24.7320336Z     {
2026-09-12T07:49:24.7321220Z       "from": "background",
2026-09-12T07:49:24.7322066Z       "to": "proof.html",
2026-09-12T07:49:24.7322854Z       "control": "bridge-link"
2026-09-12T07:49:24.7323457Z     },
2026-09-12T07:49:24.7323926Z     {
2026-09-12T07:49:24.7324425Z       "from": "background",
2026-09-12T07:49:24.7325057Z       "to": "proof.html#p01",
2026-09-12T07:49:24.7325719Z       "control": "bridge-link"
2026-09-12T07:49:24.7326297Z     },
2026-09-12T07:49:24.7326796Z     {
2026-09-12T07:49:24.7327336Z       "from": "background",
2026-09-12T07:49:24.7327926Z       "to": "proof.html#p02",
2026-09-12T07:49:24.7328560Z       "control": "bridge-link"
2026-09-12T07:49:24.7329209Z     },
2026-09-12T07:49:24.7329841Z     {
2026-09-12T07:49:24.7330369Z       "from": "background",
2026-09-12T07:49:24.7331179Z       "to": "proof.html#p09",
2026-09-12T07:49:24.7331804Z       "control": "bridge-link"
2026-09-12T07:49:24.7332389Z     },
2026-09-12T07:49:24.7332873Z     {
2026-09-12T07:49:24.7333357Z       "from": "background",
2026-09-12T07:49:24.7333967Z       "to": "proof.html#p10",
2026-09-12T07:49:24.7334584Z       "control": "bridge-link"
2026-09-12T07:49:24.7335166Z     },
2026-09-12T07:49:24.7335628Z     {
2026-09-12T07:49:24.7336132Z       "from": "background",
2026-09-12T07:49:24.7336746Z       "to": "proof.html#p11",
2026-09-12T07:49:24.7337405Z       "control": "bridge-link"
2026-09-12T07:49:24.7337991Z     },
2026-09-12T07:49:24.7338455Z     {
2026-09-12T07:49:24.7338949Z       "from": "background",
2026-09-12T07:49:24.7339515Z       "to": "proof.html#p13",
2026-09-12T07:49:24.7340149Z       "control": "bridge-link"
2026-09-12T07:49:24.7340948Z     },
2026-09-12T07:49:24.7341448Z     {
2026-09-12T07:49:24.7341910Z       "from": "background",
2026-09-12T07:49:24.7342541Z       "to": "references.html",
2026-09-12T07:49:24.7343185Z       "control": "bridge-link"
2026-09-12T07:49:24.7343753Z     },
2026-09-12T07:49:24.7344280Z     {
2026-09-12T07:49:24.7344809Z       "from": "background",
2026-09-12T07:49:24.7345613Z       "to": "status.html#correction-record",
2026-09-12T07:49:24.7346312Z       "control": "bridge-link"
2026-09-12T07:49:24.7346907Z     },
2026-09-12T07:49:24.7347394Z     {
2026-09-12T07:49:24.7347903Z       "from": "index",
2026-09-12T07:49:24.7348500Z       "to": "background",
2026-09-12T07:49:24.7349082Z       "control": "mobile-menu-link"
2026-09-12T07:49:24.7349754Z     },
2026-09-12T07:49:24.7350542Z     {
2026-09-12T07:49:24.7351324Z       "from": "background",
2026-09-12T07:49:24.7351891Z       "to": "channel",
2026-09-12T07:49:24.7352411Z       "control": "mobile-menu-link"
2026-09-12T07:49:24.7352956Z     },
2026-09-12T07:49:24.7353421Z     {
2026-09-12T07:49:24.7353923Z       "from": "channel",
2026-09-12T07:49:24.7354580Z       "to": "proof-guide",
2026-09-12T07:49:24.7355167Z       "control": "mobile-menu-link"
2026-09-12T07:49:24.7355843Z     },
2026-09-12T07:49:24.7356350Z     {
2026-09-12T07:49:24.7356881Z       "from": "proof-guide",
2026-09-12T07:49:24.7357447Z       "to": "model",
2026-09-12T07:49:24.7358018Z       "control": "mobile-menu-link"
2026-09-12T07:49:24.7358639Z     },
2026-09-12T07:49:24.7359104Z     {
2026-09-12T07:49:24.7359632Z       "from": "figures",
2026-09-12T07:49:24.7360187Z       "to": "limits",
2026-09-12T07:49:24.7360927Z       "control": "mobile-menu-link"
2026-09-12T07:49:24.7361622Z     },
2026-09-12T07:49:24.7362111Z     {
2026-09-12T07:49:24.7362623Z       "from": "limits",
2026-09-12T07:49:24.7363207Z       "to": "verification",
2026-09-12T07:49:24.7363853Z       "control": "mobile-menu-link"
2026-09-12T07:49:24.7364458Z     },
2026-09-12T07:49:24.7364968Z     {
2026-09-12T07:49:24.7365491Z       "from": "model",
2026-09-12T07:49:24.7366049Z       "to": "proof",
2026-09-12T07:49:24.7366615Z       "control": "mobile-menu-link"
2026-09-12T07:49:24.7367589Z     },
2026-09-12T07:49:24.7368095Z     {
2026-09-12T07:49:24.7368591Z       "from": "proof",
2026-09-12T07:49:24.7369159Z       "to": "limits",
2026-09-12T07:49:24.7369713Z       "control": "mobile-menu-link"
2026-09-12T07:49:24.7370308Z     },
2026-09-12T07:49:24.7370967Z     {
2026-09-12T07:49:24.7371489Z       "from": "verification",
2026-09-12T07:49:24.7372070Z       "to": "reproduce",
2026-09-12T07:49:24.7372653Z       "control": "mobile-menu-link"
2026-09-12T07:49:24.7373242Z     },
2026-09-12T07:49:24.7373708Z     {
2026-09-12T07:49:24.7374205Z       "from": "reproduce",
2026-09-12T07:49:24.7374782Z       "to": "references",
2026-09-12T07:49:24.7375354Z       "control": "mobile-menu-link"
2026-09-12T07:49:24.7375922Z     },
2026-09-12T07:49:24.7376371Z     {
2026-09-12T07:49:24.7376841Z       "from": "references",
2026-09-12T07:49:24.7377442Z       "to": "materials",
2026-09-12T07:49:24.7378025Z       "control": "mobile-menu-link"
2026-09-12T07:49:24.7378638Z     },
2026-09-12T07:49:24.7379125Z     {
2026-09-12T07:49:24.7379639Z       "from": "materials",
2026-09-12T07:49:24.7380199Z       "to": "status",
2026-09-12T07:49:24.7380964Z       "control": "mobile-menu-link"
2026-09-12T07:49:24.7381597Z     },
2026-09-12T07:49:24.7382081Z     {
2026-09-12T07:49:24.7382571Z       "from": "notation",
2026-09-12T07:49:24.7383314Z       "to": "provenance",
2026-09-12T07:49:24.7383971Z       "control": "mobile-menu-link"
2026-09-12T07:49:24.7384591Z     },
2026-09-12T07:49:24.7385066Z     {
2026-09-12T07:49:24.7385552Z       "from": "provenance",
2026-09-12T07:49:24.7386141Z       "to": "materials",
2026-09-12T07:49:24.7386735Z       "control": "mobile-menu-link"
2026-09-12T07:49:24.7387338Z     },
2026-09-12T07:49:24.7387818Z     {
2026-09-12T07:49:24.7388318Z       "from": "argument",
2026-09-12T07:49:24.7388869Z       "to": "materials",
2026-09-12T07:49:24.7389464Z       "control": "mobile-menu-link"
2026-09-12T07:49:24.7390074Z     },
2026-09-12T07:49:24.7390557Z     {
2026-09-12T07:49:24.7391311Z       "from": "visual-design",
2026-09-12T07:49:24.7391907Z       "to": "status",
2026-09-12T07:49:24.7392467Z       "control": "mobile-menu-link"
2026-09-12T07:49:24.7393089Z     },
2026-09-12T07:49:24.7393565Z     {
2026-09-12T07:49:24.7394027Z       "from": "status",
2026-09-12T07:49:24.7394561Z       "to": "index",
2026-09-12T07:49:24.7395139Z       "control": "mobile-menu-link"
2026-09-12T07:49:24.7395777Z     }
2026-09-12T07:49:24.7396249Z   ],
2026-09-12T07:49:24.7396793Z   "real_link_navigation_tested": true,
2026-09-12T07:49:24.7398185Z   "accessibility_scope": "Keyboard controls, native mathematics and responsive navigation; not a full WCAG audit.",
2026-09-12T07:49:24.7399297Z   "browser": "Chromium",
2026-09-12T07:49:24.7399870Z   "browser_version": "152.0.7977.0",
2026-09-12T07:49:24.7400543Z   "pinned_tutorial_links_present_without_fetch": [
2026-09-12T07:49:24.7401528Z     "https://arxiv.org/abs/1604.07450v5",
2026-09-12T07:49:24.7402202Z     "https://arxiv.org/pdf/1604.07450v5",
2026-09-12T07:49:24.7402913Z     "https://arxiv.org/pdf/1604.07450v5#page=21",
2026-09-12T07:49:24.7403657Z     "https://arxiv.org/pdf/1604.07450v5#page=22",
2026-09-12T07:49:24.7404368Z     "https://arxiv.org/pdf/1604.07450v5#page=23",
2026-09-12T07:49:24.7405116Z     "https://arxiv.org/pdf/1604.07450v5#page=25",
2026-09-12T07:49:24.7406064Z     "https://arxiv.org/pdf/1604.07450v5#page=56",
2026-09-12T07:49:24.7406835Z     "https://arxiv.org/pdf/1604.07450v5#page=57",
2026-09-12T07:49:24.7407588Z     "https://arxiv.org/pdf/1604.07450v5#page=59",
2026-09-12T07:49:24.7408322Z     "https://arxiv.org/pdf/1604.07450v5#page=62",
2026-09-12T07:49:24.7409057Z     "https://arxiv.org/pdf/1604.07450v5#page=64",
2026-09-12T07:49:24.7409772Z     "https://arxiv.org/pdf/1604.07450v5#page=7",
2026-09-12T07:49:24.7410499Z     "https://arxiv.org/pdf/1604.07450v5#page=81",
2026-09-12T07:49:24.7411499Z     "https://arxiv.org/pdf/1604.07450v5#page=82"
2026-09-12T07:49:24.7412157Z   ],
2026-09-12T07:49:24.7412656Z   "pages_checked": 17,
2026-09-12T07:49:24.7413586Z   "required_and_configured_routes_checked": [
2026-09-12T07:49:24.7414248Z     "index",
2026-09-12T07:49:24.7414751Z     "background",
2026-09-12T07:49:24.7415282Z     "channel",
2026-09-12T07:49:24.7415831Z     "proof-guide",
2026-09-12T07:49:24.7416345Z     "figures",
2026-09-12T07:49:24.7416832Z     "limits",
2026-09-12T07:49:24.7417326Z     "model",
2026-09-12T07:49:24.7417851Z     "proof",
2026-09-12T07:49:24.7418356Z     "verification",
2026-09-12T07:49:24.7418882Z     "reproduce",
2026-09-12T07:49:24.7419391Z     "references",
2026-09-12T07:49:24.7419899Z     "materials",
2026-09-12T07:49:24.7420434Z     "notation",
2026-09-12T07:49:24.7421290Z     "provenance",
2026-09-12T07:49:24.7421935Z     "argument",
2026-09-12T07:49:24.7422535Z     "visual-design",
2026-09-12T07:49:24.7423084Z     "status"
2026-09-12T07:49:24.7423567Z   ],
2026-09-12T07:49:24.7424067Z   "search_results": {
2026-09-12T07:49:24.7424851Z     "all-measured": [
2026-09-12T07:49:24.7425548Z       "index.html#then-compare-one-use-with-a-block",
2026-09-12T07:49:24.7426442Z       "channel.html#what-does-the-eight-use-example-establish",
2026-09-12T07:49:24.7427354Z       "proof-guide.html#construct-a-positive-finite-block",
2026-09-12T07:49:24.7428287Z       "model.html#one-retained-numerical-illustration-c5",
2026-09-12T07:49:24.7429277Z       "model.html#retained-controls-and-limiting-family-c6",
2026-09-12T07:49:24.7430400Z       "proof.html#p09.-complete-all-record-repetition-construction",
2026-09-12T07:49:24.7431787Z       "proof.html#p13.-the-retained-eight-use-witness-and-two-numerical-safeguards",
2026-09-12T07:49:24.7432822Z       "materials.html#figure-and-numerical-inputs"
2026-09-12T07:49:24.7433513Z     ],
2026-09-12T07:49:24.7434029Z     "Preskill": [
2026-09-12T07:49:24.7434586Z       "background.html",
2026-09-12T07:49:24.7435183Z       "index.html#start-with-the-channel",
2026-09-12T07:49:24.7435946Z       "background.html#which-symbols-change-on-the-way-here",
2026-09-12T07:49:24.7436903Z       "background.html#what-changes-after-the-tutorials-example",
2026-09-12T07:49:24.7437713Z       "channel.html",
2026-09-12T07:49:24.7438292Z       "channel.html#what-is-being-compared",
2026-09-12T07:49:24.7439202Z       "proof-guide.html#what-is-added-to-the-familiar-superadditivity-story",
2026-09-12T07:49:24.7440106Z       "materials.html",
2026-09-12T07:49:24.7440957Z       "materials.html#background-and-project-reasoning",
2026-09-12T07:49:24.7441877Z       "visual-design.html#writing-and-mathematics",
2026-09-12T07:49:24.7442633Z       "status.html",
2026-09-12T07:49:24.7443473Z       "status.html#current-stage"
2026-09-12T07:49:24.7444038Z     ]
2026-09-12T07:49:24.7444466Z   },
2026-09-12T07:49:24.7444927Z   "search_results_for_all_measured": 8,
2026-09-12T07:49:24.7445509Z   "keyboard_skip_link_focus": true,
2026-09-12T07:49:24.7446074Z   "keyboard_opens_search": true,
2026-09-12T07:49:24.7446661Z   "escape_closes_search_and_mobile_nav": true,
2026-09-12T07:49:24.7447283Z   "all_three_figure_color_toggles": true,
2026-09-12T07:49:24.7447872Z   "figure_theme_toggle": true,
2026-09-12T07:49:24.7448423Z   "no_javascript_math_and_navigation": true,
2026-09-12T07:49:24.7449034Z   "no_javascript_mobile_navigation": true,
2026-09-12T07:49:24.7449616Z   "no_javascript_records": [
2026-09-12T07:49:24.7450112Z     {
2026-09-12T07:49:24.7450565Z       "page": "proof",
2026-09-12T07:49:24.7451314Z       "configured_navigation_complete": true,
2026-09-12T07:49:24.7451958Z       "mobile_reading": true
2026-09-12T07:49:24.7452667Z     },
2026-09-12T07:49:24.7453089Z     {
2026-09-12T07:49:24.7453523Z       "page": "figures",
2026-09-12T07:49:24.7454050Z       "configured_navigation_complete": true,
2026-09-12T07:49:24.7454627Z       "mobile_reading": true
2026-09-12T07:49:24.7455117Z     },
2026-09-12T07:49:24.7455530Z     {
2026-09-12T07:49:24.7455989Z       "page": "background",
2026-09-12T07:49:24.7456636Z       "configured_navigation_complete": true,
2026-09-12T07:49:24.7457450Z       "mobile_reading": true,
2026-09-12T07:49:24.7458525Z       "actual_channel_return_navigation": true
2026-09-12T07:49:24.7459302Z     },
2026-09-12T07:49:24.7459845Z     {
2026-09-12T07:49:24.7460341Z       "page": "channel",
2026-09-12T07:49:24.7461171Z       "configured_navigation_complete": true,
2026-09-12T07:49:24.7461827Z       "mobile_reading": true
2026-09-12T07:49:24.7462422Z     }
2026-09-12T07:49:24.7462957Z   ]
2026-09-12T07:49:24.7463446Z }
2026-09-12T07:49:24.7592741Z Node 20 is being deprecated. This workflow is running with Node 24 by default. If you need to temporarily use Node 20, you can set the ACTIONS_ALLOW_USE_UNSECURE_NODE_VERSION=true environment variable. For more information see: https://github.blog/changelog/2025-09-19-deprecation-of-node-20-on-github-actions-runners/
2026-09-12T07:49:24.7594269Z 