Downloading Chromium Headless Shell 143.0.7499.4 (playwright build v1200)[2m from https://cdn.playwright.dev/dbazure/download/playwright/builds/chromium/1200/chromium-headless-shell-linux.zip[22m
Downloading Chromium Headless Shell 143.0.7499.4 (playwright build v1200)[2m from https://playwright.download.prss.microsoft.com/dbazure/download/playwright/builds/chromium/1200/chromium-headless-shell-linux.zip[22m
Downloading Chromium Headless Shell 143.0.7499.4 (playwright build v1200)[2m from https://cdn.playwright.dev/builds/chromium/1200/chromium-headless-shell-linux.zip[22m
Downloading Chromium Headless Shell 143.0.7499.4 (playwright build v1200)[2m from https://cdn.playwright.dev/dbazure/download/playwright/builds/chromium/1200/chromium-headless-shell-linux.zip[22m
Downloading Chromium Headless Shell 143.0.7499.4 (playwright build v1200)[2m from https://playwright.download.prss.microsoft.com/dbazure/download/playwright/builds/chromium/1200/chromium-headless-shell-linux.zip[22m
Failed to install browsers
Error: Failed to download Chromium Headless Shell 143.0.7499.4 (playwright build v1200), caused by
Error: Download failure, code=1
    at ChildProcess.<anonymous> (/workspace/scratch/323c19becda4/audit-venv/lib/python3.12/site-packages/playwright/driver/package/lib/server/registry/browserFetcher.js:94:32)
    at ChildProcess.emit (node:events:508:28)
    at ChildProcess._handle.onexit (node:internal/child_process:294:12)

STDERR:
(node:19) [DEP0169] DeprecationWarning: `url.parse()` behavior is not standardized and prone to errors that have security implications. Use the WHATWG URL API instead. CVEs are not issued for `url.parse()` vulnerabilities.
(Use `node --trace-deprecation ...` to show where the warning was created)
Error: Request to https://cdn.playwright.dev/dbazure/download/playwright/builds/chromium/1200/chromium-headless-shell-linux.zip timed out after 10000ms
    at ClientRequest.<anonymous> (/workspace/scratch/323c19becda4/audit-venv/lib/python3.12/site-packages/playwright/driver/package/lib/server/utils/network.js:90:15)
    at Object.onceWrapper (node:events:622:28)
    at ClientRequest.emit (node:events:508:28)
    at TLSSocket.emitRequestTimeout (node:_http_client:927:9)
    at Object.onceWrapper (node:events:622:28)
    at TLSSocket.emit (node:events:520:35)
    at Socket._onTimeout (node:net:604:8)
    at listOnTimeout (node:internal/timers:605:17)
    at process.processTimers (node:internal/timers:541:7)
(node:28) [DEP0169] DeprecationWarning: `url.parse()` behavior is not standardized and prone to errors that have security implications. Use the WHATWG URL API instead. CVEs are not issued for `url.parse()` vulnerabilities.
(Use `node --trace-deprecation ...` to show where the warning was created)
Error: Download failed: server returned code 400 body 'GatewayExceptionResponse'. URL: https://playwright.download.prss.microsoft.com/dbazure/download/playwright/builds/chromium/1200/chromium-headless-shell-linux.zip
    at IncomingMessage.handleError (/workspace/scratch/323c19becda4/audit-venv/lib/python3.12/site-packages/playwright/driver/package/lib/server/registry/oopDownloadBrowserMain.js:57:23)
    at IncomingMessage.emit (node:events:520:35)
    at endReadableNT (node:internal/streams/readable:1701:12)
    at process.processTicksAndRejections (node:internal/process/task_queues:89:21)
(node:37) [DEP0169] DeprecationWarning: `url.parse()` behavior is not standardized and prone to errors that have security implications. Use the WHATWG URL API instead. CVEs are not issued for `url.parse()` vulnerabilities.
(Use `node --trace-deprecation ...` to show where the warning was created)
Error: Request to https://cdn.playwright.dev/builds/chromium/1200/chromium-headless-shell-linux.zip timed out after 10000ms
    at ClientRequest.<anonymous> (/workspace/scratch/323c19becda4/audit-venv/lib/python3.12/site-packages/playwright/driver/package/lib/server/utils/network.js:90:15)
    at Object.onceWrapper (node:events:622:28)
    at ClientRequest.emit (node:events:508:28)
    at TLSSocket.emitRequestTimeout (node:_http_client:927:9)
    at Object.onceWrapper (node:events:622:28)
    at TLSSocket.emit (node:events:520:35)
    at Socket._onTimeout (node:net:604:8)
    at listOnTimeout (node:internal/timers:605:17)
    at process.processTimers (node:internal/timers:541:7)
(node:46) [DEP0169] DeprecationWarning: `url.parse()` behavior is not standardized and prone to errors that have security implications. Use the WHATWG URL API instead. CVEs are not issued for `url.parse()` vulnerabilities.
(Use `node --trace-deprecation ...` to show where the warning was created)
Error: Request to https://cdn.playwright.dev/dbazure/download/playwright/builds/chromium/1200/chromium-headless-shell-linux.zip timed out after 10000ms
    at ClientRequest.<anonymous> (/workspace/scratch/323c19becda4/audit-venv/lib/python3.12/site-packages/playwright/driver/package/lib/server/utils/network.js:90:15)
    at Object.onceWrapper (node:events:622:28)
    at ClientRequest.emit (node:events:508:28)
    at TLSSocket.emitRequestTimeout (node:_http_client:927:9)
    at Object.onceWrapper (node:events:622:28)
    at TLSSocket.emit (node:events:520:35)
    at Socket._onTimeout (node:net:604:8)
    at listOnTimeout (node:internal/timers:605:17)
    at process.processTimers (node:internal/timers:541:7)
(node:55) [DEP0169] DeprecationWarning: `url.parse()` behavior is not standardized and prone to errors that have security implications. Use the WHATWG URL API instead. CVEs are not issued for `url.parse()` vulnerabilities.
(Use `node --trace-deprecation ...` to show where the warning was created)
Error: Download failed: server returned code 400 body 'GatewayExceptionResponse'. URL: https://playwright.download.prss.microsoft.com/dbazure/download/playwright/builds/chromium/1200/chromium-headless-shell-linux.zip
    at IncomingMessage.handleError (/workspace/scratch/323c19becda4/audit-venv/lib/python3.12/site-packages/playwright/driver/package/lib/server/registry/oopDownloadBrowserMain.js:57:23)
    at IncomingMessage.emit (node:events:520:35)
    at endReadableNT (node:internal/streams/readable:1701:12)
    at process.processTicksAndRejections (node:internal/process/task_queues:89:21)
