Traceback (most recent call last):
  File "/workspace/scratch/323c19becda4/Measurement-Geometry-public-readiness/website/browser_check.py", line 268, in <module>
    print(json.dumps(run(args.site, args.output, args.chromium, args.base_url), indent=2))
                     ^^^^^^^^^^^^^^^^^^^^^^^^^^^^^^^^^^^^^^^^^^^^^^^^^^^^^^^^^
  File "/workspace/scratch/323c19becda4/Measurement-Geometry-public-readiness/website/browser_check.py", line 73, in run
    browser = pw.chromium.launch(executable_path=executable, headless=True, args=['--no-sandbox'])
              ^^^^^^^^^^^^^^^^^^^^^^^^^^^^^^^^^^^^^^^^^^^^^^^^^^^^^^^^^^^^^^^^^^^^^^^^^^^^^^^^^^^^
  File "/workspace/scratch/323c19becda4/task-venv/lib/python3.12/site-packages/playwright/sync_api/_generated.py", line 14568, in launch
    self._sync(
  File "/workspace/scratch/323c19becda4/task-venv/lib/python3.12/site-packages/playwright/_impl/_sync_base.py", line 115, in _sync
    return task.result()
           ^^^^^^^^^^^^^
  File "/workspace/scratch/323c19becda4/task-venv/lib/python3.12/site-packages/playwright/_impl/_browser_type.py", line 98, in launch
    await self._channel.send(
  File "/workspace/scratch/323c19becda4/task-venv/lib/python3.12/site-packages/playwright/_impl/_connection.py", line 69, in send
    return await self._connection.wrap_api_call(
           ^^^^^^^^^^^^^^^^^^^^^^^^^^^^^^^^^^^^^
  File "/workspace/scratch/323c19becda4/task-venv/lib/python3.12/site-packages/playwright/_impl/_connection.py", line 559, in wrap_api_call
    raise rewrite_error(error, f"{parsed_st['apiName']}: {error}") from None
playwright._impl._errors.Error: BrowserType.launch: Executable doesn't exist at /root/.cache/ms-playwright/chromium_headless_shell-1200/chrome-headless-shell-linux64/chrome-headless-shell
╔════════════════════════════════════════════════════════════╗
║ Looks like Playwright was just installed or updated.       ║
║ Please run the following command to download new browsers: ║
║                                                            ║
║     playwright install                                     ║
║                                                            ║
║ <3 Playwright Team                                         ║
╚════════════════════════════════════════════════════════════╝
