{
  "passed": true,
  "scope": "Offline identity and bounded stage-change preservation; no live repository query, scientific proof check or public clearance",
  "starting_commit": "deba96a1a2fb3781a357a5d4d2660e6edda638da",
  "starting_tree": "1bbe9651bb1b524c2083df66374bc6a2464e6971",
  "starting_files_checked": 378,
  "starting_files_byte_unchanged": 363,
  "recorded_stage_changes": [
    ".github/workflows/historical-object-review.yml",
    ".github/workflows/integration-candidate.yml",
    ".github/workflows/reader-site.yml",
    "BASELINE_MANIFEST.json",
    "PUBLICATION.md",
    "README.md",
    "STATUS.md",
    "WEBSITE.md",
    "publication/READINESS.json",
    "reader/PREVIEW_MANIFEST.json",
    "reader/materials.md",
    "reader/status.md",
    "website/build.py",
    "website/pages/materials.md",
    "website/pages/status.md"
  ],
  "protected_original_graphics": 27,
  "accepted_reader_svgs_unchanged": 3,
  "historical_checkers_and_evidence_unchanged": true,
  "current_manifest_changes": [
    "README.md",
    "STATUS.md"
  ],
  "full_science_recomputed_by_this_command": false,
  "live_merge_or_visibility_status_verified": false
}
