{
  "passed": true,
  "scope": "Offline exact reader-status changes and historical integration replay; no scientific recomputation or live repository query",
  "starting_commit": "ba5fe59a31b7b833a458ee3761fbc9777d8c47e4",
  "starting_tree": "4adee205cbb23ff54b16094f0084593fa0c97aa0",
  "starting_files_checked": 406,
  "starting_files_byte_unchanged": 375,
  "recorded_stage_changes": [
    ".github/workflows/historical-object-review.yml",
    ".github/workflows/integration-candidate.yml",
    "BASELINE_MANIFEST.json",
    "PUBLICATION.md",
    "README.md",
    "STATUS.md",
    "WEBSITE.md",
    "publication/READINESS.json",
    "reader/PREVIEW_MANIFEST.json",
    "reader/README.md",
    "reader/background.md",
    "reader/channel.md",
    "reader/figures.md",
    "reader/limits.md",
    "reader/materials.md",
    "reader/proof-guide.md",
    "reader/status.md",
    "reader/verification.md",
    "reader/visual-design.md",
    "website/build.py",
    "website/editorial_map.json",
    "website/pages/background.md",
    "website/pages/index.md",
    "website/pages/materials.md",
    "website/pages/status.md",
    "website/pages/verification.md",
    "website/pages/visual-design.md",
    "website/repository_preview.py",
    "website/site.json",
    "website/tests/test_integrated_preservation.py",
    "website/tests/test_repository_preview.py"
  ],
  "historical_integration_check": {
    "passed": true,
    "scope": "Offline identity and bounded stage-change preservation; no live repository query, scientific proof check or public clearance",
    "starting_commit": "deba96a1a2fb3781a357a5d4d2660e6edda638da",
    "starting_tree": "1bbe9651bb1b524c2083df66374bc6a2464e6971",
    "starting_files_checked": 378,
    "starting_files_byte_unchanged": 364,
    "recorded_stage_changes": [
      ".github/workflows/historical-object-review.yml",
      ".github/workflows/integration-candidate.yml",
      "BASELINE_MANIFEST.json",
      "PUBLICATION.md",
      "README.md",
      "STATUS.md",
      "WEBSITE.md",
      "publication/READINESS.json",
      "reader/PREVIEW_MANIFEST.json",
      "reader/materials.md",
      "reader/status.md",
      "website/build.py",
      "website/pages/materials.md",
      "website/pages/status.md"
    ],
    "protected_original_graphics": 27,
    "accepted_reader_svgs_unchanged": 3,
    "historical_checkers_and_evidence_unchanged": true,
    "current_manifest_changes": [
      "README.md",
      "STATUS.md"
    ],
    "full_science_recomputed_by_this_command": false,
    "live_merge_or_visibility_status_verified": false
  },
  "historical_checkers_and_evidence_unchanged": true,
  "current_manifest_changes": [
    "README.md",
    "STATUS.md"
  ],
  "full_science_recomputed_by_this_command": false,
  "live_merge_or_visibility_status_verified": false
}
